[3.176s] Invoking command in '/home/jgsnto/LearnROS/read_odom/read_odom': PYTHONPATH=/home/jgsnto/LearnROS/read_odom/read_odom/build/read_odom/prefix_override:/usr/lib/python3/dist-packages/colcon_core/task/python/colcon_distutils_commands:/home/jgsnto/LearnROS/read_odom/read_odom/install/read_odom/lib/python3.10/site-packages:${PYTHONPATH} /usr/bin/python3 -W ignore:setup.py install is deprecated -W ignore:easy_install command is deprecated setup.py egg_info --egg-base build/read_odom build --build-base /home/jgsnto/LearnROS/read_odom/read_odom/build/read_odom/build install --record /home/jgsnto/LearnROS/read_odom/read_odom/build/read_odom/install.log --install-scripts $base/lib/read_odom --single-version-externally-managed install_data
[4.072s] running egg_info
[4.188s] writing build/read_odom/read_odom.egg-info/PKG-INFO
[4.188s] writing dependency_links to build/read_odom/read_odom.egg-info/dependency_links.txt
[4.188s] writing entry points to build/read_odom/read_odom.egg-info/entry_points.txt
[4.191s] writing requirements to build/read_odom/read_odom.egg-info/requires.txt
[4.194s] writing top-level names to build/read_odom/read_odom.egg-info/top_level.txt
[4.402s] reading manifest file 'build/read_odom/read_odom.egg-info/SOURCES.txt'
[4.415s] writing manifest file 'build/read_odom/read_odom.egg-info/SOURCES.txt'
[4.419s] running build
[4.420s] running build_py
[4.421s] copying read_odom/subscriber.py -> /home/jgsnto/LearnROS/read_odom/read_odom/build/read_odom/build/lib/read_odom
[4.422s] running install
[4.437s] running install_lib
[4.507s] copying /home/jgsnto/LearnROS/read_odom/read_odom/build/read_odom/build/lib/read_odom/subscriber.py -> /home/jgsnto/LearnROS/read_odom/read_odom/install/read_odom/lib/python3.10/site-packages/read_odom
[4.510s] byte-compiling /home/jgsnto/LearnROS/read_odom/read_odom/install/read_odom/lib/python3.10/site-packages/read_odom/subscriber.py to subscriber.cpython-310.pyc
[4.516s] running install_data
[4.519s] running install_egg_info
[4.614s] removing '/home/jgsnto/LearnROS/read_odom/read_odom/install/read_odom/lib/python3.10/site-packages/read_odom-0.0.0-py3.10.egg-info' (and everything under it)
[4.630s] Copying build/read_odom/read_odom.egg-info to /home/jgsnto/LearnROS/read_odom/read_odom/install/read_odom/lib/python3.10/site-packages/read_odom-0.0.0-py3.10.egg-info
[4.642s] running install_scripts
[4.838s] Installing subscriber script to /home/jgsnto/LearnROS/read_odom/read_odom/install/read_odom/lib/read_odom
[4.841s] writing list of installed files to '/home/jgsnto/LearnROS/read_odom/read_odom/build/read_odom/install.log'
[4.957s] Invoked command in '/home/jgsnto/LearnROS/read_odom/read_odom' returned '0': PYTHONPATH=/home/jgsnto/LearnROS/read_odom/read_odom/build/read_odom/prefix_override:/usr/lib/python3/dist-packages/colcon_core/task/python/colcon_distutils_commands:/home/jgsnto/LearnROS/read_odom/read_odom/install/read_odom/lib/python3.10/site-packages:${PYTHONPATH} /usr/bin/python3 -W ignore:setup.py install is deprecated -W ignore:easy_install command is deprecated setup.py egg_info --egg-base build/read_odom build --build-base /home/jgsnto/LearnROS/read_odom/read_odom/build/read_odom/build install --record /home/jgsnto/LearnROS/read_odom/read_odom/build/read_odom/install.log --install-scripts $base/lib/read_odom --single-version-externally-managed install_data
