[2.090s] Invoking command in '/home/jgsnto/LearnROS/01_ros2_fundamentals/04_messages/src/vehicle_speed': PYTHONPATH=/home/jgsnto/LearnROS/01_ros2_fundamentals/04_messages/src/build/vehicle_speed/prefix_override:/usr/lib/python3/dist-packages/colcon_core/task/python/colcon_distutils_commands:/home/jgsnto/LearnROS/01_ros2_fundamentals/04_messages/src/install/vehicle_speed/lib/python3.10/site-packages:${PYTHONPATH} /usr/bin/python3 -W ignore:setup.py install is deprecated -W ignore:easy_install command is deprecated setup.py egg_info --egg-base ../build/vehicle_speed build --build-base /home/jgsnto/LearnROS/01_ros2_fundamentals/04_messages/src/build/vehicle_speed/build install --record /home/jgsnto/LearnROS/01_ros2_fundamentals/04_messages/src/build/vehicle_speed/install.log --install-scripts $base/lib/vehicle_speed --single-version-externally-managed install_data
[2.982s] running egg_info
[3.034s] writing ../build/vehicle_speed/vehicle_speed.egg-info/PKG-INFO
[3.037s] writing dependency_links to ../build/vehicle_speed/vehicle_speed.egg-info/dependency_links.txt
[3.039s] writing entry points to ../build/vehicle_speed/vehicle_speed.egg-info/entry_points.txt
[3.045s] writing requirements to ../build/vehicle_speed/vehicle_speed.egg-info/requires.txt
[3.047s] writing top-level names to ../build/vehicle_speed/vehicle_speed.egg-info/top_level.txt
[3.145s] reading manifest file '../build/vehicle_speed/vehicle_speed.egg-info/SOURCES.txt'
[3.151s] writing manifest file '../build/vehicle_speed/vehicle_speed.egg-info/SOURCES.txt'
[3.154s] running build
[3.154s] running build_py
[3.154s] copying vehicle_speed/subscriber.py -> /home/jgsnto/LearnROS/01_ros2_fundamentals/04_messages/src/build/vehicle_speed/build/lib/vehicle_speed
[3.157s] running install
[3.165s] running install_lib
[3.219s] copying /home/jgsnto/LearnROS/01_ros2_fundamentals/04_messages/src/build/vehicle_speed/build/lib/vehicle_speed/subscriber.py -> /home/jgsnto/LearnROS/01_ros2_fundamentals/04_messages/src/install/vehicle_speed/lib/python3.10/site-packages/vehicle_speed
[3.226s] byte-compiling /home/jgsnto/LearnROS/01_ros2_fundamentals/04_messages/src/install/vehicle_speed/lib/python3.10/site-packages/vehicle_speed/subscriber.py to subscriber.cpython-310.pyc
[3.228s] running install_data
[3.229s] running install_egg_info
[3.283s] removing '/home/jgsnto/LearnROS/01_ros2_fundamentals/04_messages/src/install/vehicle_speed/lib/python3.10/site-packages/vehicle_speed-0.0.0-py3.10.egg-info' (and everything under it)
[3.283s] Copying ../build/vehicle_speed/vehicle_speed.egg-info to /home/jgsnto/LearnROS/01_ros2_fundamentals/04_messages/src/install/vehicle_speed/lib/python3.10/site-packages/vehicle_speed-0.0.0-py3.10.egg-info
[3.286s] running install_scripts
[3.381s] Installing publisher script to /home/jgsnto/LearnROS/01_ros2_fundamentals/04_messages/src/install/vehicle_speed/lib/vehicle_speed
[3.384s] Installing subscriber script to /home/jgsnto/LearnROS/01_ros2_fundamentals/04_messages/src/install/vehicle_speed/lib/vehicle_speed
[3.385s] writing list of installed files to '/home/jgsnto/LearnROS/01_ros2_fundamentals/04_messages/src/build/vehicle_speed/install.log'
[3.487s] Invoked command in '/home/jgsnto/LearnROS/01_ros2_fundamentals/04_messages/src/vehicle_speed' returned '0': PYTHONPATH=/home/jgsnto/LearnROS/01_ros2_fundamentals/04_messages/src/build/vehicle_speed/prefix_override:/usr/lib/python3/dist-packages/colcon_core/task/python/colcon_distutils_commands:/home/jgsnto/LearnROS/01_ros2_fundamentals/04_messages/src/install/vehicle_speed/lib/python3.10/site-packages:${PYTHONPATH} /usr/bin/python3 -W ignore:setup.py install is deprecated -W ignore:easy_install command is deprecated setup.py egg_info --egg-base ../build/vehicle_speed build --build-base /home/jgsnto/LearnROS/01_ros2_fundamentals/04_messages/src/build/vehicle_speed/build install --record /home/jgsnto/LearnROS/01_ros2_fundamentals/04_messages/src/build/vehicle_speed/install.log --install-scripts $base/lib/vehicle_speed --single-version-externally-managed install_data
