[2.034s] Invoking command in '/home/jgsnto/LearnROS/01_ros2_fundamentals/04_messages/src/vehicle_speed': PYTHONPATH=/home/jgsnto/LearnROS/01_ros2_fundamentals/04_messages/src/build/vehicle_speed/prefix_override:/usr/lib/python3/dist-packages/colcon_core/task/python/colcon_distutils_commands:/home/jgsnto/LearnROS/01_ros2_fundamentals/04_messages/src/install/vehicle_speed/lib/python3.10/site-packages:${PYTHONPATH} /usr/bin/python3 -W ignore:setup.py install is deprecated -W ignore:easy_install command is deprecated setup.py egg_info --egg-base ../build/vehicle_speed build --build-base /home/jgsnto/LearnROS/01_ros2_fundamentals/04_messages/src/build/vehicle_speed/build install --record /home/jgsnto/LearnROS/01_ros2_fundamentals/04_messages/src/build/vehicle_speed/install.log --install-scripts $base/lib/vehicle_speed --single-version-externally-managed install_data
[2.944s] running egg_info
[3.014s] writing ../build/vehicle_speed/vehicle_speed.egg-info/PKG-INFO
[3.014s] writing dependency_links to ../build/vehicle_speed/vehicle_speed.egg-info/dependency_links.txt
[3.019s] writing entry points to ../build/vehicle_speed/vehicle_speed.egg-info/entry_points.txt
[3.020s] writing requirements to ../build/vehicle_speed/vehicle_speed.egg-info/requires.txt
[3.025s] writing top-level names to ../build/vehicle_speed/vehicle_speed.egg-info/top_level.txt
[3.126s] reading manifest file '../build/vehicle_speed/vehicle_speed.egg-info/SOURCES.txt'
[3.133s] writing manifest file '../build/vehicle_speed/vehicle_speed.egg-info/SOURCES.txt'
[3.134s] running build
[3.135s] running build_py
[3.142s] copying vehicle_speed/publisher.py -> /home/jgsnto/LearnROS/01_ros2_fundamentals/04_messages/src/build/vehicle_speed/build/lib/vehicle_speed
[3.150s] running install
[3.167s] running install_lib
[3.232s] copying /home/jgsnto/LearnROS/01_ros2_fundamentals/04_messages/src/build/vehicle_speed/build/lib/vehicle_speed/publisher.py -> /home/jgsnto/LearnROS/01_ros2_fundamentals/04_messages/src/install/vehicle_speed/lib/python3.10/site-packages/vehicle_speed
[3.234s] byte-compiling /home/jgsnto/LearnROS/01_ros2_fundamentals/04_messages/src/install/vehicle_speed/lib/python3.10/site-packages/vehicle_speed/publisher.py to publisher.cpython-310.pyc
[3.237s] running install_data
[3.241s] running install_egg_info
[3.308s] removing '/home/jgsnto/LearnROS/01_ros2_fundamentals/04_messages/src/install/vehicle_speed/lib/python3.10/site-packages/vehicle_speed-0.0.0-py3.10.egg-info' (and everything under it)
[3.312s] Copying ../build/vehicle_speed/vehicle_speed.egg-info to /home/jgsnto/LearnROS/01_ros2_fundamentals/04_messages/src/install/vehicle_speed/lib/python3.10/site-packages/vehicle_speed-0.0.0-py3.10.egg-info
[3.316s] running install_scripts
[3.438s] Installing publisher script to /home/jgsnto/LearnROS/01_ros2_fundamentals/04_messages/src/install/vehicle_speed/lib/vehicle_speed
[3.439s] Installing subscriber script to /home/jgsnto/LearnROS/01_ros2_fundamentals/04_messages/src/install/vehicle_speed/lib/vehicle_speed
[3.450s] writing list of installed files to '/home/jgsnto/LearnROS/01_ros2_fundamentals/04_messages/src/build/vehicle_speed/install.log'
[3.585s] Invoked command in '/home/jgsnto/LearnROS/01_ros2_fundamentals/04_messages/src/vehicle_speed' returned '0': PYTHONPATH=/home/jgsnto/LearnROS/01_ros2_fundamentals/04_messages/src/build/vehicle_speed/prefix_override:/usr/lib/python3/dist-packages/colcon_core/task/python/colcon_distutils_commands:/home/jgsnto/LearnROS/01_ros2_fundamentals/04_messages/src/install/vehicle_speed/lib/python3.10/site-packages:${PYTHONPATH} /usr/bin/python3 -W ignore:setup.py install is deprecated -W ignore:easy_install command is deprecated setup.py egg_info --egg-base ../build/vehicle_speed build --build-base /home/jgsnto/LearnROS/01_ros2_fundamentals/04_messages/src/build/vehicle_speed/build install --record /home/jgsnto/LearnROS/01_ros2_fundamentals/04_messages/src/build/vehicle_speed/install.log --install-scripts $base/lib/vehicle_speed --single-version-externally-managed install_data
