[0.228s] DEBUG:colcon:Command line arguments: ['/usr/bin/colcon', 'build']
[0.228s] DEBUG:colcon:Parsed command line arguments: Namespace(log_base=None, log_level=None, verb_name='build', build_base='build', install_base='install', merge_install=False, symlink_install=False, test_result_base=None, continue_on_error=False, executor='parallel', parallel_workers=3, event_handlers=None, ignore_user_meta=False, metas=['./colcon.meta'], base_paths=['.'], packages_ignore=None, packages_ignore_regex=None, paths=None, packages_up_to=None, packages_up_to_regex=None, packages_above=None, packages_above_and_dependencies=None, packages_above_depth=None, packages_select_by_dep=None, packages_skip_by_dep=None, packages_skip_up_to=None, packages_select_build_failed=False, packages_skip_build_finished=False, packages_select_test_failures=False, packages_skip_test_passed=False, packages_select=None, packages_skip=None, packages_select_regex=None, packages_skip_regex=None, packages_start=None, packages_end=None, allow_overriding=[], cmake_args=None, cmake_target=None, cmake_target_skip_unavailable=False, cmake_clean_cache=False, cmake_clean_first=False, cmake_force_configure=False, ament_cmake_args=None, catkin_cmake_args=None, catkin_skip_building_tests=False, mixin_files=None, mixin=None, verb_parser=<colcon_mixin.mixin.mixin_argument.MixinArgumentDecorator object at 0x7bdd3ed2c550>, verb_extension=<colcon_core.verb.build.BuildVerb object at 0x7bdd3ed2c070>, main=<bound method BuildVerb.main of <colcon_core.verb.build.BuildVerb object at 0x7bdd3ed2c070>>, mixin_verb=('build',))
[0.320s] Level 1:colcon.colcon_core.package_discovery:discover_packages(colcon_meta) check parameters
[0.323s] Level 1:colcon.colcon_core.package_discovery:discover_packages(recursive) check parameters
[0.323s] Level 1:colcon.colcon_core.package_discovery:discover_packages(ignore) check parameters
[0.323s] Level 1:colcon.colcon_core.package_discovery:discover_packages(path) check parameters
[0.324s] Level 1:colcon.colcon_core.package_discovery:discover_packages(colcon_meta) discover
[0.324s] Level 1:colcon.colcon_core.package_discovery:discover_packages(recursive) discover
[0.326s] INFO:colcon.colcon_core.package_discovery:Crawling recursively for packages in '/home/jgsnto/LearnROS/01_ros2_fundamentals/04_messages/src'
[0.327s] Level 1:colcon.colcon_core.package_identification:_identify(.) by extensions ['ignore', 'ignore_ament_install']
[0.329s] Level 1:colcon.colcon_core.package_identification:_identify(.) by extension 'ignore'
[0.329s] Level 1:colcon.colcon_core.package_identification:_identify(.) by extension 'ignore_ament_install'
[0.330s] Level 1:colcon.colcon_core.package_identification:_identify(.) by extensions ['colcon_pkg']
[0.330s] Level 1:colcon.colcon_core.package_identification:_identify(.) by extension 'colcon_pkg'
[0.330s] Level 1:colcon.colcon_core.package_identification:_identify(.) by extensions ['colcon_meta']
[0.330s] Level 1:colcon.colcon_core.package_identification:_identify(.) by extension 'colcon_meta'
[0.330s] Level 1:colcon.colcon_core.package_identification:_identify(.) by extensions ['ros']
[0.330s] Level 1:colcon.colcon_core.package_identification:_identify(.) by extension 'ros'
[0.355s] Level 1:colcon.colcon_core.package_identification:_identify(.) by extensions ['cmake', 'python']
[0.356s] Level 1:colcon.colcon_core.package_identification:_identify(.) by extension 'cmake'
[0.356s] Level 1:colcon.colcon_core.package_identification:_identify(.) by extension 'python'
[0.356s] Level 1:colcon.colcon_core.package_identification:_identify(.) by extensions ['python_setup_py']
[0.357s] Level 1:colcon.colcon_core.package_identification:_identify(.) by extension 'python_setup_py'
[0.359s] Level 1:colcon.colcon_core.package_identification:_identify(build) by extensions ['ignore', 'ignore_ament_install']
[0.362s] Level 1:colcon.colcon_core.package_identification:_identify(build) by extension 'ignore'
[0.363s] Level 1:colcon.colcon_core.package_identification:_identify(build) ignored
[0.363s] Level 1:colcon.colcon_core.package_identification:_identify(install) by extensions ['ignore', 'ignore_ament_install']
[0.364s] Level 1:colcon.colcon_core.package_identification:_identify(install) by extension 'ignore'
[0.364s] Level 1:colcon.colcon_core.package_identification:_identify(install) ignored
[0.364s] Level 1:colcon.colcon_core.package_identification:_identify(log) by extensions ['ignore', 'ignore_ament_install']
[0.365s] Level 1:colcon.colcon_core.package_identification:_identify(log) by extension 'ignore'
[0.365s] Level 1:colcon.colcon_core.package_identification:_identify(log) ignored
[0.365s] Level 1:colcon.colcon_core.package_identification:_identify(vehicle_speed) by extensions ['ignore', 'ignore_ament_install']
[0.365s] Level 1:colcon.colcon_core.package_identification:_identify(vehicle_speed) by extension 'ignore'
[0.365s] Level 1:colcon.colcon_core.package_identification:_identify(vehicle_speed) by extension 'ignore_ament_install'
[0.365s] Level 1:colcon.colcon_core.package_identification:_identify(vehicle_speed) by extensions ['colcon_pkg']
[0.366s] Level 1:colcon.colcon_core.package_identification:_identify(vehicle_speed) by extension 'colcon_pkg'
[0.366s] Level 1:colcon.colcon_core.package_identification:_identify(vehicle_speed) by extensions ['colcon_meta']
[0.366s] Level 1:colcon.colcon_core.package_identification:_identify(vehicle_speed) by extension 'colcon_meta'
[0.366s] Level 1:colcon.colcon_core.package_identification:_identify(vehicle_speed) by extensions ['ros']
[0.366s] Level 1:colcon.colcon_core.package_identification:_identify(vehicle_speed) by extension 'ros'
[0.370s] DEBUG:colcon.colcon_core.package_identification:Package 'vehicle_speed' with type 'ros.ament_python' and name 'vehicle_speed'
[0.371s] Level 1:colcon.colcon_core.package_discovery:discover_packages(recursive) using defaults
[0.371s] Level 1:colcon.colcon_core.package_discovery:discover_packages(ignore) discover
[0.371s] Level 1:colcon.colcon_core.package_discovery:discover_packages(ignore) using defaults
[0.371s] Level 1:colcon.colcon_core.package_discovery:discover_packages(path) discover
[0.371s] Level 1:colcon.colcon_core.package_discovery:discover_packages(path) using defaults
[0.406s] Level 1:colcon.colcon_core.package_discovery:discover_packages(prefix_path) check parameters
[0.408s] Level 1:colcon.colcon_core.package_discovery:discover_packages(prefix_path) discover
[0.416s] DEBUG:colcon.colcon_installed_package_information.package_discovery:Found 1 installed packages in /home/jgsnto/LearnROS/01_ros2_fundamentals/04_messages/src/install
[0.442s] DEBUG:colcon.colcon_installed_package_information.package_discovery:Found 386 installed packages in /opt/ros/humble
[0.446s] Level 1:colcon.colcon_core.package_discovery:discover_packages(prefix_path) using defaults
[0.523s] Level 5:colcon.colcon_core.verb:set package 'vehicle_speed' build argument 'cmake_args' from command line to 'None'
[0.524s] Level 5:colcon.colcon_core.verb:set package 'vehicle_speed' build argument 'cmake_target' from command line to 'None'
[0.524s] Level 5:colcon.colcon_core.verb:set package 'vehicle_speed' build argument 'cmake_target_skip_unavailable' from command line to 'False'
[0.524s] Level 5:colcon.colcon_core.verb:set package 'vehicle_speed' build argument 'cmake_clean_cache' from command line to 'False'
[0.524s] Level 5:colcon.colcon_core.verb:set package 'vehicle_speed' build argument 'cmake_clean_first' from command line to 'False'
[0.524s] Level 5:colcon.colcon_core.verb:set package 'vehicle_speed' build argument 'cmake_force_configure' from command line to 'False'
[0.524s] Level 5:colcon.colcon_core.verb:set package 'vehicle_speed' build argument 'ament_cmake_args' from command line to 'None'
[0.524s] Level 5:colcon.colcon_core.verb:set package 'vehicle_speed' build argument 'catkin_cmake_args' from command line to 'None'
[0.524s] Level 5:colcon.colcon_core.verb:set package 'vehicle_speed' build argument 'catkin_skip_building_tests' from command line to 'False'
[0.524s] DEBUG:colcon.colcon_core.verb:Building package 'vehicle_speed' with the following arguments: {'ament_cmake_args': None, 'build_base': '/home/jgsnto/LearnROS/01_ros2_fundamentals/04_messages/src/build/vehicle_speed', 'catkin_cmake_args': None, 'catkin_skip_building_tests': False, 'cmake_args': None, 'cmake_clean_cache': False, 'cmake_clean_first': False, 'cmake_force_configure': False, 'cmake_target': None, 'cmake_target_skip_unavailable': False, 'install_base': '/home/jgsnto/LearnROS/01_ros2_fundamentals/04_messages/src/install/vehicle_speed', 'merge_install': False, 'path': '/home/jgsnto/LearnROS/01_ros2_fundamentals/04_messages/src/vehicle_speed', 'symlink_install': False, 'test_result_base': None}
[0.525s] INFO:colcon.colcon_core.executor:Executing jobs using 'parallel' executor
[0.533s] DEBUG:colcon.colcon_parallel_executor.executor.parallel:run_until_complete
[0.539s] INFO:colcon.colcon_ros.task.ament_python.build:Building ROS package in '/home/jgsnto/LearnROS/01_ros2_fundamentals/04_messages/src/vehicle_speed' with build type 'ament_python'
[0.542s] Level 1:colcon.colcon_core.shell:create_environment_hook('vehicle_speed', 'ament_prefix_path')
[0.551s] INFO:colcon.colcon_core.plugin_system:Skipping extension 'colcon_core.shell.bat': Not used on non-Windows systems
[0.552s] INFO:colcon.colcon_core.shell:Creating environment hook '/home/jgsnto/LearnROS/01_ros2_fundamentals/04_messages/src/install/vehicle_speed/share/vehicle_speed/hook/ament_prefix_path.ps1'
[0.555s] INFO:colcon.colcon_core.shell:Creating environment descriptor '/home/jgsnto/LearnROS/01_ros2_fundamentals/04_messages/src/install/vehicle_speed/share/vehicle_speed/hook/ament_prefix_path.dsv'
[0.556s] INFO:colcon.colcon_core.shell:Creating environment hook '/home/jgsnto/LearnROS/01_ros2_fundamentals/04_messages/src/install/vehicle_speed/share/vehicle_speed/hook/ament_prefix_path.sh'
[0.559s] INFO:colcon.colcon_core.shell:Skip shell extension 'powershell' for command environment: Not usable outside of PowerShell
[0.560s] DEBUG:colcon.colcon_core.shell:Skip shell extension 'dsv' for command environment
[1.246s] INFO:colcon.colcon_core.task.python.build:Building Python package in '/home/jgsnto/LearnROS/01_ros2_fundamentals/04_messages/src/vehicle_speed'
[1.247s] INFO:colcon.colcon_core.shell:Skip shell extension 'powershell' for command environment: Not usable outside of PowerShell
[1.247s] DEBUG:colcon.colcon_core.shell:Skip shell extension 'dsv' for command environment
[2.297s] DEBUG:colcon.colcon_core.task.python.build:Available setuptools commands: bdist_egg, update_catalog, dist_info, install_scripts, sdist, alias, saveopts, bdist, symlink_data, build, install_lib, build_ext, install_egg_info, editable_wheel, build_clib, compile_catalog, setopt, develop, egg_info, init_catalog, check, bdist_rpm, install_headers, install, build_scripts, easy_install, build_py, install_data, bdist_wheel, bdist_dumb, rotate, extract_messages, clean
[2.319s] DEBUG:colcon.colcon_core.event_handler.log_command:Invoking command in '/home/jgsnto/LearnROS/01_ros2_fundamentals/04_messages/src/vehicle_speed': PYTHONPATH=/home/jgsnto/LearnROS/01_ros2_fundamentals/04_messages/src/build/vehicle_speed/prefix_override:/usr/lib/python3/dist-packages/colcon_core/task/python/colcon_distutils_commands:/home/jgsnto/LearnROS/01_ros2_fundamentals/04_messages/src/install/vehicle_speed/lib/python3.10/site-packages:${PYTHONPATH} /usr/bin/python3 -W ignore:setup.py install is deprecated -W ignore:easy_install command is deprecated setup.py egg_info --egg-base ../build/vehicle_speed build --build-base /home/jgsnto/LearnROS/01_ros2_fundamentals/04_messages/src/build/vehicle_speed/build install --record /home/jgsnto/LearnROS/01_ros2_fundamentals/04_messages/src/build/vehicle_speed/install.log --install-scripts $base/lib/vehicle_speed --single-version-externally-managed install_data
[3.809s] DEBUG:colcon.colcon_core.event_handler.log_command:Invoked command in '/home/jgsnto/LearnROS/01_ros2_fundamentals/04_messages/src/vehicle_speed' returned '0': PYTHONPATH=/home/jgsnto/LearnROS/01_ros2_fundamentals/04_messages/src/build/vehicle_speed/prefix_override:/usr/lib/python3/dist-packages/colcon_core/task/python/colcon_distutils_commands:/home/jgsnto/LearnROS/01_ros2_fundamentals/04_messages/src/install/vehicle_speed/lib/python3.10/site-packages:${PYTHONPATH} /usr/bin/python3 -W ignore:setup.py install is deprecated -W ignore:easy_install command is deprecated setup.py egg_info --egg-base ../build/vehicle_speed build --build-base /home/jgsnto/LearnROS/01_ros2_fundamentals/04_messages/src/build/vehicle_speed/build install --record /home/jgsnto/LearnROS/01_ros2_fundamentals/04_messages/src/build/vehicle_speed/install.log --install-scripts $base/lib/vehicle_speed --single-version-externally-managed install_data
[3.846s] Level 1:colcon.colcon_core.environment:checking '/home/jgsnto/LearnROS/01_ros2_fundamentals/04_messages/src/install/vehicle_speed' for CMake module files
[3.849s] Level 1:colcon.colcon_core.environment:checking '/home/jgsnto/LearnROS/01_ros2_fundamentals/04_messages/src/install/vehicle_speed' for CMake config files
[3.852s] Level 1:colcon.colcon_core.environment:checking '/home/jgsnto/LearnROS/01_ros2_fundamentals/04_messages/src/install/vehicle_speed/lib'
[3.853s] Level 1:colcon.colcon_core.environment:checking '/home/jgsnto/LearnROS/01_ros2_fundamentals/04_messages/src/install/vehicle_speed/bin'
[3.854s] Level 1:colcon.colcon_core.environment:checking '/home/jgsnto/LearnROS/01_ros2_fundamentals/04_messages/src/install/vehicle_speed/lib/pkgconfig/vehicle_speed.pc'
[3.856s] Level 1:colcon.colcon_core.environment:checking '/home/jgsnto/LearnROS/01_ros2_fundamentals/04_messages/src/install/vehicle_speed/lib/python3.10/site-packages'
[3.856s] Level 1:colcon.colcon_core.shell:create_environment_hook('vehicle_speed', 'pythonpath')
[3.858s] INFO:colcon.colcon_core.shell:Creating environment hook '/home/jgsnto/LearnROS/01_ros2_fundamentals/04_messages/src/install/vehicle_speed/share/vehicle_speed/hook/pythonpath.ps1'
[3.860s] INFO:colcon.colcon_core.shell:Creating environment descriptor '/home/jgsnto/LearnROS/01_ros2_fundamentals/04_messages/src/install/vehicle_speed/share/vehicle_speed/hook/pythonpath.dsv'
[3.862s] INFO:colcon.colcon_core.shell:Creating environment hook '/home/jgsnto/LearnROS/01_ros2_fundamentals/04_messages/src/install/vehicle_speed/share/vehicle_speed/hook/pythonpath.sh'
[3.865s] Level 1:colcon.colcon_core.environment:checking '/home/jgsnto/LearnROS/01_ros2_fundamentals/04_messages/src/install/vehicle_speed/bin'
[3.866s] Level 1:colcon.colcon_core.environment:create_environment_scripts_only(vehicle_speed)
[3.867s] INFO:colcon.colcon_core.shell:Creating package script '/home/jgsnto/LearnROS/01_ros2_fundamentals/04_messages/src/install/vehicle_speed/share/vehicle_speed/package.ps1'
[3.870s] INFO:colcon.colcon_core.shell:Creating package descriptor '/home/jgsnto/LearnROS/01_ros2_fundamentals/04_messages/src/install/vehicle_speed/share/vehicle_speed/package.dsv'
[3.875s] INFO:colcon.colcon_core.shell:Creating package script '/home/jgsnto/LearnROS/01_ros2_fundamentals/04_messages/src/install/vehicle_speed/share/vehicle_speed/package.sh'
[3.878s] INFO:colcon.colcon_core.shell:Creating package script '/home/jgsnto/LearnROS/01_ros2_fundamentals/04_messages/src/install/vehicle_speed/share/vehicle_speed/package.bash'
[3.882s] INFO:colcon.colcon_core.shell:Creating package script '/home/jgsnto/LearnROS/01_ros2_fundamentals/04_messages/src/install/vehicle_speed/share/vehicle_speed/package.zsh'
[3.915s] Level 1:colcon.colcon_core.environment:create_file_with_runtime_dependencies(/home/jgsnto/LearnROS/01_ros2_fundamentals/04_messages/src/install/vehicle_speed/share/colcon-core/packages/vehicle_speed)
[3.917s] DEBUG:colcon.colcon_parallel_executor.executor.parallel:closing loop
[3.921s] DEBUG:colcon.colcon_parallel_executor.executor.parallel:loop closed
[3.921s] DEBUG:colcon.colcon_parallel_executor.executor.parallel:run_until_complete finished with '0'
[3.925s] DEBUG:colcon.colcon_core.event_reactor:joining thread
[3.973s] INFO:colcon.colcon_core.plugin_system:Skipping extension 'colcon_notification.desktop_notification.terminal_notifier': Not used on non-Darwin systems
[3.974s] INFO:colcon.colcon_core.plugin_system:Skipping extension 'colcon_notification.desktop_notification.win32': Not used on non-Windows systems
[3.974s] INFO:colcon.colcon_notification.desktop_notification:Sending desktop notification using 'notify2'
[4.017s] DEBUG:colcon.colcon_core.event_reactor:joined thread
[4.018s] INFO:colcon.colcon_core.shell:Creating prefix script '/home/jgsnto/LearnROS/01_ros2_fundamentals/04_messages/src/install/local_setup.ps1'
[4.025s] INFO:colcon.colcon_core.shell:Creating prefix util module '/home/jgsnto/LearnROS/01_ros2_fundamentals/04_messages/src/install/_local_setup_util_ps1.py'
[4.034s] INFO:colcon.colcon_core.shell:Creating prefix chain script '/home/jgsnto/LearnROS/01_ros2_fundamentals/04_messages/src/install/setup.ps1'
[4.043s] INFO:colcon.colcon_core.shell:Creating prefix script '/home/jgsnto/LearnROS/01_ros2_fundamentals/04_messages/src/install/local_setup.sh'
[4.047s] INFO:colcon.colcon_core.shell:Creating prefix util module '/home/jgsnto/LearnROS/01_ros2_fundamentals/04_messages/src/install/_local_setup_util_sh.py'
[4.052s] INFO:colcon.colcon_core.shell:Creating prefix chain script '/home/jgsnto/LearnROS/01_ros2_fundamentals/04_messages/src/install/setup.sh'
[4.056s] INFO:colcon.colcon_core.shell:Creating prefix script '/home/jgsnto/LearnROS/01_ros2_fundamentals/04_messages/src/install/local_setup.bash'
[4.058s] INFO:colcon.colcon_core.shell:Creating prefix chain script '/home/jgsnto/LearnROS/01_ros2_fundamentals/04_messages/src/install/setup.bash'
[4.063s] INFO:colcon.colcon_core.shell:Creating prefix script '/home/jgsnto/LearnROS/01_ros2_fundamentals/04_messages/src/install/local_setup.zsh'
[4.081s] INFO:colcon.colcon_core.shell:Creating prefix chain script '/home/jgsnto/LearnROS/01_ros2_fundamentals/04_messages/src/install/setup.zsh'
