[2.846s] Invoking command in '/home/jgsnto/LearnROS/read_odom/read_odom': PYTHONPATH=/home/jgsnto/LearnROS/read_odom/read_odom/build/read_odom/prefix_override:/usr/lib/python3/dist-packages/colcon_core/task/python/colcon_distutils_commands:/home/jgsnto/LearnROS/read_odom/read_odom/install/read_odom/lib/python3.10/site-packages:${PYTHONPATH} /usr/bin/python3 -W ignore:setup.py install is deprecated -W ignore:easy_install command is deprecated setup.py egg_info --egg-base build/read_odom build --build-base /home/jgsnto/LearnROS/read_odom/read_odom/build/read_odom/build install --record /home/jgsnto/LearnROS/read_odom/read_odom/build/read_odom/install.log --install-scripts $base/lib/read_odom --single-version-externally-managed install_data
[4.251s] running egg_info
[4.306s] writing build/read_odom/read_odom.egg-info/PKG-INFO
[4.310s] writing dependency_links to build/read_odom/read_odom.egg-info/dependency_links.txt
[4.318s] writing entry points to build/read_odom/read_odom.egg-info/entry_points.txt
[4.319s] writing requirements to build/read_odom/read_odom.egg-info/requires.txt
[4.321s] writing top-level names to build/read_odom/read_odom.egg-info/top_level.txt
[4.463s] reading manifest file 'build/read_odom/read_odom.egg-info/SOURCES.txt'
[4.463s] writing manifest file 'build/read_odom/read_odom.egg-info/SOURCES.txt'
[4.463s] running build
[4.464s] running build_py
[4.464s] copying read_odom/subscriber.py -> /home/jgsnto/LearnROS/read_odom/read_odom/build/read_odom/build/lib/read_odom
[4.464s] running install
[4.475s] running install_lib
[4.517s] copying /home/jgsnto/LearnROS/read_odom/read_odom/build/read_odom/build/lib/read_odom/subscriber.py -> /home/jgsnto/LearnROS/read_odom/read_odom/install/read_odom/lib/python3.10/site-packages/read_odom
[4.517s] byte-compiling /home/jgsnto/LearnROS/read_odom/read_odom/install/read_odom/lib/python3.10/site-packages/read_odom/subscriber.py to subscriber.cpython-310.pyc
[4.536s] running install_data
[4.537s] running install_egg_info
[4.624s] removing '/home/jgsnto/LearnROS/read_odom/read_odom/install/read_odom/lib/python3.10/site-packages/read_odom-0.0.0-py3.10.egg-info' (and everything under it)
[4.624s] Copying build/read_odom/read_odom.egg-info to /home/jgsnto/LearnROS/read_odom/read_odom/install/read_odom/lib/python3.10/site-packages/read_odom-0.0.0-py3.10.egg-info
[4.624s] running install_scripts
[4.824s] Installing subscriber script to /home/jgsnto/LearnROS/read_odom/read_odom/install/read_odom/lib/read_odom
[4.838s] writing list of installed files to '/home/jgsnto/LearnROS/read_odom/read_odom/build/read_odom/install.log'
[4.999s] Invoked command in '/home/jgsnto/LearnROS/read_odom/read_odom' returned '0': PYTHONPATH=/home/jgsnto/LearnROS/read_odom/read_odom/build/read_odom/prefix_override:/usr/lib/python3/dist-packages/colcon_core/task/python/colcon_distutils_commands:/home/jgsnto/LearnROS/read_odom/read_odom/install/read_odom/lib/python3.10/site-packages:${PYTHONPATH} /usr/bin/python3 -W ignore:setup.py install is deprecated -W ignore:easy_install command is deprecated setup.py egg_info --egg-base build/read_odom build --build-base /home/jgsnto/LearnROS/read_odom/read_odom/build/read_odom/build install --record /home/jgsnto/LearnROS/read_odom/read_odom/build/read_odom/install.log --install-scripts $base/lib/read_odom --single-version-externally-managed install_data
